--------- beginning of main
12-09 03:56:41.626 32077  1635 D EGL_emulation: app_time_stats: avg=2.55ms min=2.17ms max=3.95ms count=60
12-09 03:56:42.627 32077  1635 D EGL_emulation: app_time_stats: avg=2.41ms min=2.22ms max=2.63ms count=60
12-09 03:56:43.172 32653 32711 I cast_shell: [1209/035643.172958:INFO:metrics_recorder.cc(193)] Record action: Setup.eureka_info.Local
12-09 03:56:43.173 32653 32711 W libc    : Access denied finding property "ro.boot.wificountrycode"
12-09 03:56:43.172 32653 32653 W Setup_IOThread: type=1400 audit(0.0:9206): avc: denied { read } for name="u:object_r:wifi_config_prop:s0" dev="tmpfs" ino=296 scontext=u:r:mediashell_app:s0:c66,c256,c512,c768 tcontext=u:object_r:wifi_config_prop:s0 tclass=file permissive=0 app=com.google.android.apps.mediashell
12-09 03:56:43.172 32653 32653 W Setup_IOThread: type=1400 audit(0.0:9207): avc: denied { read } for name="u:object_r:wifi_config_prop:s0" dev="tmpfs" ino=296 scontext=u:r:mediashell_app:s0:c66,c256,c512,c768 tcontext=u:object_r:wifi_config_prop:s0 tclass=file permissive=0 app=com.google.android.apps.mediashell
12-09 03:56:43.173 32653 32711 W libc    : Access denied finding property "ro.boot.wificountrycode"
12-09 03:56:43.173 32653 32711 W libc    : Access denied finding property "ro.boot.wificountrycode"
12-09 03:56:43.173 32653 32711 I cast_shell: [1209/035643.173428:INFO:metrics_recorder.cc(193)] Record action: Setup.eureka_info.Local.200
12-09 03:56:43.172 32653 32653 W Setup_IOThread: type=1400 audit(0.0:9208): avc: denied { read } for name="u:object_r:wifi_config_prop:s0" dev="tmpfs" ino=296 scontext=u:r:mediashell_app:s0:c66,c256,c512,c768 tcontext=u:object_r:wifi_config_prop:s0 tclass=file permissive=0 app=com.google.android.apps.mediashell
12-09 03:56:43.174  1100  1131 E LoadCastServiceInfoTask: error parsing cast info Json {"device_info":{"4k_blocked":0,"capabilities":{"audio_hdr_supported":false,"audio_surround_mode_supported":false,"cast_connect_supported":true,"cloudcast_supported":true,"display_supported":true,"fdr_supported":false,"hdmi_prefer_50hz_supported":false,"hdmi_prefer_high_fps_supported":false,"hotspot_supported":false,"https_setup_supported":true,"keep_hotspot_until_connected_supported":true,"opencast_supported":false,"reboot_supported":false,"renaming_supported":true,"set_group_audio_delay_supported":true,"set_network_supported":true,"setup_supported":false,"stats_supported":false,"system_sound_effects_supported":false,"wifi_auto_save_supported":true,"wifi_supported":false},"cloud_device_id":"BE3D46A59E7EBBEF34F0A554BD44654A","factory_country_code":"","hotspot_bssid":"FA:8F:74:3D:0A:C6","mac_address":"00:00:00:00:00:00","manufacturer":"Google","model_name":"sdk_google_atv64_amati_arm64","product_name":"emu64a","public_key":"MIIBCgKCAQEA0yBXOhKLzWL+39vGh1aZmGF+jfW4bRWKNzJrgANEMIrGGCs20iwOdXIgOGWDT0dRRZwLIzwmSBq6u4aXeF3Ut3SWve1lFvBSPqQqaFF6QVVgNNBDuxRGOPfXvmHBs+xQ4XBeNINbZ0D6LChOISzb3C8XtXNTog9aDpn7xVvZZI1vAWvkxA69Ij6zS7+X+Hhy8ySjEoOMIW5xgsafuMy8Vl4vcb1rOcyKXGozr3fv2c8IZFSe3xkWs52cfGSd0QNU9PO5AnfIR5\/SAs+BOvevS7v6jJ6yZyFMb5baKHCG8SF7tYgJAuRng\/YHNaiYFzQvsaKbwan9r05Y0EcqavOcowIDAQAB","ssdp_udn":"a2efcb37-8f8a-c5f7-b871-ab06f5252193","uma_client_id":"eb5a5fdf-deb1-43e5-8252-7b2888ccdbfd","uptime":64535.752174,"weave_device_id":""}}
12-09 03:56:43.174  1100  1131 E LoadCastServiceInfoTask: org.json.JSONException: No value for sign
12-09 03:56:43.174  1100  1131 E LoadCastServiceInfoTask: 	at org.json.JSONObject.get(JSONObject.java:398)
12-09 03:56:43.174  1100  1131 E LoadCastServiceInfoTask: 	at org.json.JSONObject.getJSONObject(JSONObject.java:618)
12-09 03:56:43.174  1100  1131 E LoadCastServiceInfoTask: 	at lvi.a(PG:4)
12-09 03:56:43.174  1100  1131 E LoadCastServiceInfoTask: 	at lvj.call(PG:20)
12-09 03:56:43.174  1100  1131 E LoadCastServiceInfoTask: 	at dxo.a(Unknown Source:2)
12-09 03:56:43.174  1100  1131 E LoadCastServiceInfoTask: 	at toh.call(PG:2)
12-09 03:56:43.174  1100  1131 E LoadCastServiceInfoTask: 	at java.util.concurrent.FutureTask.run(FutureTask.java:264)
12-09 03:56:43.174  1100  1131 E LoadCastServiceInfoTask: 	at rul.run(PG:1)
12-09 03:56:43.174  1100  1131 E LoadCastServiceInfoTask: 	at java.util.concurrent.ThreadPoolExecutor.runWorker(ThreadPoolExecutor.java:1137)
12-09 03:56:43.174  1100  1131 E LoadCastServiceInfoTask: 	at java.util.concurrent.ThreadPoolExecutor$Worker.run(ThreadPoolExecutor.java:637)
12-09 03:56:43.174  1100  1131 E LoadCastServiceInfoTask: 	at rtp.run(PG:2)
12-09 03:56:43.174  1100  1131 E LoadCastServiceInfoTask: 	at rtx.run(PG:4)
12-09 03:56:43.174  1100  1131 E LoadCastServiceInfoTask: 	at java.lang.Thread.run(Thread.java:1012)
--------- beginning of system
12-09 03:56:43.174  1100  1131 E ActivityThread: Failed to find provider info for com.google.android.tvsetup.app.machine.services.castsetup.castsetupinfo.CastInfoProvider
12-09 03:56:43.174  1100  1131 E CastCPAdapter: Cursor is not valid to read the content provider.
12-09 03:56:43.174  1100  1131 W LoadCastServiceInfoTask: Failed to get cast id and certificate from Content Provider.
12-09 03:56:43.175  1100  1130 W CastIdRetrievalTask: Cast id failed to be loaded.
12-09 03:56:43.175  1100  1130 W CastIdRetrievalTask: java.util.concurrent.CancellationException: Task was cancelled.
12-09 03:56:43.175  1100  1130 W CastIdRetrievalTask: 	at adzo.c(PG:3)
12-09 03:56:43.175  1100  1130 W CastIdRetrievalTask: 	at adzo.get(PG:4)
12-09 03:56:43.175  1100  1130 W CastIdRetrievalTask: 	at aedp.a(PG:1)
12-09 03:56:43.175  1100  1130 W CastIdRetrievalTask: 	at aecg.q(PG:2)
12-09 03:56:43.175  1100  1130 W CastIdRetrievalTask: 	at aebz.run(PG:4)
12-09 03:56:43.175  1100  1130 W CastIdRetrievalTask: 	at aebd.execute(PG:1)
12-09 03:56:43.175  1100  1130 W CastIdRetrievalTask: 	at adzo.r(PG:1)
12-09 03:56:43.175  1100  1130 W CastIdRetrievalTask: 	at adzo.j(PG:12)
12-09 03:56:43.175  1100  1130 W CastIdRetrievalTask: 	at adzo.cancel(PG:8)
12-09 03:56:43.175  1100  1130 W CastIdRetrievalTask: 	at lvf.c(PG:2)
12-09 03:56:43.175  1100  1130 W CastIdRetrievalTask: 	at lvf.a(PG:3)
12-09 03:56:43.175  1100  1130 W CastIdRetrievalTask: 	at aebz.run(PG:6)
12-09 03:56:43.175  1100  1130 W CastIdRetrievalTask: 	at aebd.execute(PG:1)
12-09 03:56:43.175  1100  1130 W CastIdRetrievalTask: 	at adzo.r(PG:1)
12-09 03:56:43.175  1100  1130 W CastIdRetrievalTask: 	at adzo.j(PG:12)
12-09 03:56:43.175  1100  1130 W CastIdRetrievalTask: 	at adzo.n(PG:4)
12-09 03:56:43.175  1100  1130 W CastIdRetrievalTask: 	at ikb.a(PG:4)
12-09 03:56:43.175  1100  1130 W CastIdRetrievalTask: 	at iix.a(PG:11)
12-09 03:56:43.175  1100  1130 W CastIdRetrievalTask: 	at toj.a(PG:2)
12-09 03:56:43.175  1100  1130 W CastIdRetrievalTask: 	at aebz.run(PG:8)
12-09 03:56:43.175  1100  1130 W CastIdRetrievalTask: 	at inl.b(PG:1)
12-09 03:56:43.175  1100  1130 W CastIdRetrievalTask: 	at ino.run(PG:1)
12-09 03:56:43.175  1100  1130 W CastIdRetrievalTask: 	at rul.run(PG:1)
12-09 03:56:43.175  1100  1130 W CastIdRetrievalTask: 	at java.util.concurrent.ThreadPoolExecutor.runWorker(ThreadPoolExecutor.java:1137)
12-09 03:56:43.175  1100  1130 W CastIdRetrievalTask: 	at java.util.concurrent.ThreadPoolExecutor$Worker.run(ThreadPoolExecutor.java:637)
12-09 03:56:43.175  1100  1130 W CastIdRetrievalTask: 	at rtp.run(PG:2)
12-09 03:56:43.175  1100  1130 W CastIdRetrievalTask: 	at rtx.run(PG:4)
12-09 03:56:43.175  1100  1130 W CastIdRetrievalTask: 	at java.lang.Thread.run(Thread.java:1012)
12-09 03:56:43.627 32077  1635 D EGL_emulation: app_time_stats: avg=2.52ms min=2.19ms max=7.10ms count=60
12-09 03:56:44.627 32077  1635 D EGL_emulation: app_time_stats: avg=2.50ms min=2.18ms max=3.15ms count=60
12-09 03:56:45.645 32077  1635 D EGL_emulation: app_time_stats: avg=2.50ms min=2.18ms max=3.15ms count=61
12-09 03:56:46.660 32077  1635 D EGL_emulation: app_time_stats: avg=2.55ms min=2.19ms max=3.26ms count=61
12-09 03:56:47.662 32077  1635 D EGL_emulation: app_time_stats: avg=2.66ms min=2.19ms max=3.85ms count=60
12-09 03:56:48.678 32077  1635 D EGL_emulation: app_time_stats: avg=2.98ms min=2.15ms max=6.07ms count=61
12-09 03:56:49.693 32077  1635 D EGL_emulation: app_time_stats: avg=2.92ms min=2.21ms max=4.20ms count=61
12-09 03:56:50.695 32077  1635 D EGL_emulation: app_time_stats: avg=3.00ms min=2.25ms max=4.51ms count=60
12-09 03:56:51.712 32077  1635 D EGL_emulation: app_time_stats: avg=3.05ms min=2.19ms max=3.79ms count=61
12-09 03:56:52.728 32077  1635 D EGL_emulation: app_time_stats: avg=3.26ms min=2.22ms max=6.70ms count=61
12-09 03:56:52.924 31520 31520 W ThreadPoolForeg: type=1400 audit(0.0:9209): avc: denied { write } for name="traced_producer" dev="tmpfs" ino=603 scontext=u:r:gmscore_app:s0:c512,c768 tcontext=u:object_r:traced_producer_socket:s0 tclass=sock_file permissive=0 app=com.google.android.gms
12-09 03:56:53.743 32077  1635 D EGL_emulation: app_time_stats: avg=3.18ms min=2.15ms max=5.75ms count=61
12-09 03:56:54.762 32077  1635 D EGL_emulation: app_time_stats: avg=2.89ms min=2.19ms max=3.73ms count=61
12-09 03:56:55.776 32077  1635 D EGL_emulation: app_time_stats: avg=2.90ms min=2.20ms max=3.84ms count=61
12-09 03:56:56.190  1100  1100 W KatnissIpcConnection: Will disconnect service connection. .KatnissSearchProcessService
12-09 03:56:56.206  1143  1143 W KatnissIpcConnection: Will disconnect service connection. .TvLoggerService
12-09 03:56:56.208  1143  1143 W KatnissIpcConnection: Will disconnect service connection. .KatnissInteractorProcessService
12-09 03:56:56.776 32077  1635 D EGL_emulation: app_time_stats: avg=2.67ms min=2.43ms max=3.26ms count=60
12-09 03:56:57.778 32077  1635 D EGL_emulation: app_time_stats: avg=2.75ms min=1.73ms max=5.75ms count=60
12-09 03:56:58.692 31483 31483 W ThreadPoolForeg: type=1400 audit(0.0:9210): avc: denied { write } for name="traced_producer" dev="tmpfs" ino=603 scontext=u:r:gmscore_app:s0:c512,c768 tcontext=u:object_r:traced_producer_socket:s0 tclass=sock_file permissive=0 app=com.google.android.gms
12-09 03:56:58.792 32077  1635 D EGL_emulation: app_time_stats: avg=2.68ms min=2.39ms max=6.55ms count=61
12-09 03:56:59.474 32653 32653 I cast_shell: [1209/035659.474460:INFO:service_base.h(78)] Size of the map for type AuthTokenResponse is 0
12-09 03:56:59.474 32653 32653 I cast_shell: [1209/035659.474721:INFO:service_base.h(246)] Container sizes for type CloudSetting are (session_info_map: 0), (topic_info_map: 21), (pending_events: 0).
12-09 03:56:59.539 32653 32653 I cast_shell: [1209/035659.539791:INFO:metrics_stat_logger.cc(38)] Metrics stat for the past 60 secs : total=2
12-09 03:56:59.539 32653 32653 I cast_shell: [metrics_stat_logger] Setup.eureka_info.Local=4
12-09 03:56:59.539 32653 32653 I cast_shell: [metrics_stat_logger] Setup.eureka_info.Local.200=4
12-09 03:56:59.793 32077  1635 D EGL_emulation: app_time_stats: avg=2.56ms min=2.22ms max=2.77ms count=60
12-09 03:57:00.811 32077  1635 D EGL_emulation: app_time_stats: avg=2.65ms min=2.32ms max=3.10ms count=61
12-09 03:57:01.827 32077  1635 D EGL_emulation: app_time_stats: avg=2.69ms min=2.40ms max=3.05ms count=61
12-09 03:57:02.828 32077  1635 D EGL_emulation: app_time_stats: avg=2.68ms min=2.36ms max=3.07ms count=60
12-09 03:57:02.913 32653 32717 I cast_ClientAuthCredsProvisioning: Loading factory credentials for 1P device.
12-09 03:57:02.914 32653 32717 E ActivityThread: Failed to find provider info for com.google.android.tvsetup.app.machine.services.castsetup.castsetupinfo.CastInfoProvider
12-09 03:57:02.914 32653 32717 E cast_ClientAuthCredsFactoryProvisioned: Cannot get device credentials
12-09 03:57:02.914 32653 32717 I cast_ClientAuthCredsProvisioning: Retry loading factory credentials
12-09 03:57:03.845 32077  1635 D EGL_emulation: app_time_stats: avg=2.60ms min=2.39ms max=3.26ms count=61
12-09 03:57:04.847 32077  1635 D EGL_emulation: app_time_stats: avg=2.78ms min=2.33ms max=5.39ms count=60
12-09 03:57:05.862 32077  1635 D EGL_emulation: app_time_stats: avg=3.16ms min=2.30ms max=7.08ms count=61
12-09 03:57:06.877 32077  1635 D EGL_emulation: app_time_stats: avg=2.60ms min=2.36ms max=3.05ms count=61
12-09 03:57:07.642   957   957 I Finsky  : [2] SCH: job service start with id 9286.
12-09 03:57:07.655   957  6024 I Finsky  : [378] SCH: Satisfied jobs for 9286 are: 12-1
12-09 03:57:07.655   957  6023 I Finsky  : [377] SCH: Job 12-1 starting
12-09 03:57:07.656   957   957 I Finsky  : [2] WM::SCH: Logging work start for 12-1
12-09 03:57:07.656   957   957 I Finsky  : [2] [ContentSync] job started
12-09 03:57:07.747   957   957 I Finsky  : [2] App states replicator found 2 unowned apps
12-09 03:57:07.825   957  1040 E Volley  : [102] gte.a: Unexpected response code 401 for https://play-fe.googleapis.com/fdfe/apps/contentSync?nocache_qos=lt
12-09 03:57:07.893 32077  1635 D EGL_emulation: app_time_stats: avg=2.75ms min=2.38ms max=5.56ms count=61
12-09 03:57:07.991   957  1040 E Volley  : [102] gte.a: Unexpected response code 401 for https://play-fe.googleapis.com/fdfe/apps/contentSync?nocache_qos=lt
12-09 03:57:07.997   957  6025 I Finsky  : [379] Completed 1 account content syncs with 0 successful.
12-09 03:57:07.997   957   957 I Finsky  : [2] [ContentSync] Installation state replication failed, parameters=Id: 12-1, CT: 1765248956884, Constraints: [{ L: 40000, D: 86400000, C: CHARGING_NONE, I: IDLE_NONE, N: NET_ANY, B: BATTERY_ANY }].
12-09 03:57:07.997   957   957 I Finsky  : [2] [ContentSync] Scheduling replication attempt 2.
12-09 03:57:07.997   957   957 I Finsky  : [2] SCH: jobFinished: 12-1. TimeElapsed: 341ms.
12-09 03:57:07.997   957   957 I Finsky  : [2] WM::SCH: Logging work end for 12-1
12-09 03:57:08.000   957  6024 I Finsky  : [378] SCH: Attempting to reschedule job: Id: 12-1, Constraints: [{ L: 60000, D: 86400000, C: CHARGING_NONE, I: IDLE_NONE, N: NET_ANY, B: BATTERY_ANY }]
12-09 03:57:08.002   957   995 I Finsky  : [69] SCH: Scheduling phonesky job Id: 1-1337, CT: 1765242774114, Constraints: [{ L: 42772745, D: 85972745, C: CHARGING_NONE, I: IDLE_NONE, N: NET_ANY, B: BATTERY_ANY }]
12-09 03:57:08.003   957   997 I Finsky  : [71] SCH: Scheduling 1 system job(s)
12-09 03:57:08.003   957   997 I Finsky  : [71] SCH: Scheduling system job Id: 9288, L: 36518856, D: 79718856, C: false, I: false, N: 1
12-09 03:57:08.005   957  6023 I Finsky  : [377] SCH: job service finished with id 9286.
12-09 03:57:08.008   957   985 I Finsky  : [62] WM::SCH: Logging work initialize for 12-1
12-09 03:57:08.012   957   994 I Finsky  : [68] SCH: Scheduling phonesky job Id: 12-1, CT: 1765249028000, Constraints: [{ L: 60000, D: 86400000, C: CHARGING_NONE, I: IDLE_NONE, N: NET_ANY, B: BATTERY_ANY }]
12-09 03:57:08.013   957   997 I Finsky  : [71] SCH: Scheduling 1 system job(s)
12-09 03:57:08.013   957   997 I Finsky  : [71] SCH: Scheduling system job Id: 9288, L: 59987, D: 79718846, C: false, I: false, N: 1
12-09 03:57:08.894 32077  1635 D EGL_emulation: app_time_stats: avg=2.58ms min=2.29ms max=3.26ms count=60
